../Src/main.c:14:6:systick_init	4	static
../Src/main.c:22:6:delay_ms	24	static,ignoring_inline_asm
../Src/main.c:33:6:usart2_init	4	static
../Src/main.c:49:6:usart2_write_char	16	static,ignoring_inline_asm
../Src/main.c:55:5:__io_putchar	16	static
../Src/main.c:61:5:_write	32	static
../Src/main.c:71:6:gpio_led_init	4	static
../Src/main.c:79:6:exti_pc13_init	4	static
../Src/main.c:95:6:EXTI15_10_IRQHandler	4	static
../Src/main.c:105:6:TIM2_IRQHandler	4	static
../Src/main.c:114:6:tim2_init	4	static
../Src/main.c:127:6:tim2_delay_1s	4	static
../Src/main.c:134:5:main	8	static
