../Src/main.c:14:6:systick_init	1
../Src/main.c:22:6:delay_ms	3
../Src/main.c:33:6:usart2_init	1
../Src/main.c:49:6:usart2_write_char	2
../Src/main.c:55:5:__io_putchar	1
../Src/main.c:61:5:_write	2
../Src/main.c:71:6:gpio_led_init	1
../Src/main.c:79:6:exti_pc13_init	1
../Src/main.c:95:6:EXTI15_10_IRQHandler	2
../Src/main.c:105:6:TIM2_IRQHandler	1
../Src/main.c:114:6:tim2_init	1
../Src/main.c:127:6:tim2_delay_1s	2
../Src/main.c:133:6:tim2_pwm_init	1
../Src/main.c:158:6:tim2_set_duty_cycle	2
../Src/main.c:164:6:adc1_init	1
../Src/main.c:179:10:adc1_read	2
../Src/main.c:189:5:main	1
